ESBMC version 7.11.0 64-bit x86_64 linux
Target: 64-bit little-endian x86_64-unknown-linux with esbmclibc
Parsing check_test_limits.c
Converting
Generating GOTO Program
GOTO program creation time: 0.273s
GOTO program processing time: 0.000s
Starting Bounded Model Checking
Unwinding loop 2 iteration 1   file check_test_limits.c line 16 column 5 function main
Unwinding loop 2 iteration 2   file check_test_limits.c line 16 column 5 function main
Unwinding loop 2 iteration 3   file check_test_limits.c line 16 column 5 function main
Unwinding loop 2 iteration 4   file check_test_limits.c line 16 column 5 function main
Unwinding loop 2 iteration 5   file check_test_limits.c line 16 column 5 function main
Unwinding loop 2 iteration 6   file check_test_limits.c line 16 column 5 function main
Unwinding loop 2 iteration 7   file check_test_limits.c line 16 column 5 function main
Unwinding loop 2 iteration 8   file check_test_limits.c line 16 column 5 function main
Unwinding loop 2 iteration 9   file check_test_limits.c line 16 column 5 function main
Unwinding loop 2 iteration 10   file check_test_limits.c line 16 column 5 function main
Unwinding loop 2 iteration 11   file check_test_limits.c line 16 column 5 function main
Unwinding loop 2 iteration 12   file check_test_limits.c line 16 column 5 function main
Unwinding loop 2 iteration 13   file check_test_limits.c line 16 column 5 function main
Unwinding loop 2 iteration 14   file check_test_limits.c line 16 column 5 function main
Unwinding loop 2 iteration 15   file check_test_limits.c line 16 column 5 function main
Unwinding loop 2 iteration 16   file check_test_limits.c line 16 column 5 function main
Unwinding loop 2 iteration 17   file check_test_limits.c line 16 column 5 function main
Unwinding loop 2 iteration 18   file check_test_limits.c line 16 column 5 function main
Unwinding loop 2 iteration 19   file check_test_limits.c line 16 column 5 function main
Unwinding loop 2 iteration 20   file check_test_limits.c line 16 column 5 function main
Symex completed in: 0.022s (115 assignments)
Caching time: 0.000s (removed 0 assertions)
Slicing time: 0.001s (removed 34 assignments)
Generated 20 VCC(s), 20 remaining after simplification (81 assignments)
No solver specified; defaulting to z3
Encoding remaining VCC(s) using bit-vector/floating-point arithmetic
Encoding to solver time: 0.000s
Solving with solver Z3 v4.8.12
Runtime decision procedure: 0.015s
BMC program time: 0.063s

VERIFICATION SUCCESSFUL
